Clipboard data: 'python3', 'KeyPhantom.py'
Keystroke: 't'
Clipboard data: 'python3', 'KeyPhantom.py'
Keystroke: 'h'
Clipboard data: 'python3', 'KeyPhantom.py'
Keystroke: 'i'
Clipboard data: 'python3', 'KeyPhantom.py'
Keystroke: 's'
Clipboard data: 'python3', 'KeyPhantom.py'
Keystroke: Key.space
Clipboard data: 'python3', 'KeyPhantom.py'
Keystroke: 'i'
Clipboard data: 'python3', 'KeyPhantom.py'
Keystroke: 's'
Clipboard data: 'python3', 'KeyPhantom.py'
Keystroke: Key.space
Clipboard data: 'python3', 'KeyPhantom.py'
Keystroke: 'a'
Clipboard data: 'python3', 'KeyPhantom.py'
Keystroke: Key.space
Clipboard data: 'python3', 'KeyPhantom.py'
Keystroke: 'k'
Clipboard data: 'python3', 'KeyPhantom.py'
Keystroke: 'e'
Clipboard data: 'python3', 'KeyPhantom.py'
Keystroke: 'y'
Clipboard data: 'python3', 'KeyPhantom.py'
Keystroke: 'l'
Clipboard data: 'python3', 'KeyPhantom.py'
Keystroke: 'o'
Clipboard data: 'python3', 'KeyPhantom.py'
Keystroke: 'g'
Clipboard data: 'python3', 'KeyPhantom.py'
Keystroke: 'g'
Clipboard data: 'python3', 'KeyPhantom.py'
Keystroke: 'e'
Clipboard data: 'python3', 'KeyPhantom.py'
Keystroke: 'r'
Clipboard data: 'python3', 'KeyPhantom.py'
Keystroke: Key.enter
Clipboard data: 'python3', 'KeyPhantom.py'
Keystroke: Key.print_screen
Clipboard data: None
Keystroke: Key.print_screen
Clipboard data: None
Keystroke: Key.print_screen
Clipboard data: None
Keystroke: Key.print_screen
Clipboard data: None
Keystroke: Key.print_screen
Clipboard data: None
Keystroke: 'y'
Clipboard data: None
Keystroke: 'a'
Clipboard data: None
Keystroke: 'a'
Clipboard data: None
Keystroke: 'r'
Clipboard data: None
Keystroke: Key.space
Clipboard data: None
Keystroke: 'e'
Clipboard data: None
Keystroke: 's'
Clipboard data: None
Keystroke: 'k'
Clipboard data: None
Keystroke: 'o'
Clipboard data: None
Keystroke: Key.space
Clipboard data: None
Keystroke: 'g'
Clipboard data: None
Keystroke: 'i'
Clipboard data: None
Keystroke: 't'
Clipboard data: None
Keystroke: Key.caps_lock
Clipboard data: None
Keystroke: 'h'
Clipboard data: None
Keystroke: Key.caps_lock
Clipboard data: None
Keystroke: 'u'
Clipboard data: None
Keystroke: 'n'
Clipboard data: None
Keystroke: Key.space
Clipboard data: None
Keystroke: Key.backspace
Clipboard data: None
Keystroke: Key.backspace
Clipboard data: None
Keystroke: 'b'
Clipboard data: None
Keystroke: Key.space
Clipboard data: None
Keystroke: 'p'
Clipboard data: None
Keystroke: 'e'
Clipboard data: None
Keystroke: Key.space
Clipboard data: None
Keystroke: 'd'
Clipboard data: None
Keystroke: 'a'
Clipboard data: None
Keystroke: 'a'
Clipboard data: None
Keystroke: 'l'
Clipboard data: None
Keystroke: 'n'
Clipboard data: None
Keystroke: 'a'
Clipboard data: None
Keystroke: Key.space
Clipboard data: None
Keystroke: 'r'
Clipboard data: None
Keystroke: 'e'
Clipboard data: None
Keystroke: 'd'
Clipboard data: None
Keystroke: Key.backspace
Clipboard data: None
Keystroke: 'a'
Clipboard data: None
Keystroke: 'd'
Clipboard data: None
Keystroke: 'm'
Clipboard data: None
Keystroke: 'e'
Clipboard data: None
Keystroke: '.'
Clipboard data: None
Keystroke: 'm'
Clipboard data: None
Keystroke: 'd'
Clipboard data: None
Keystroke: Key.space
Clipboard data: None
Keystroke: 'y'
Clipboard data: None
Keystroke: 'e'
Clipboard data: None
Keystroke: Key.space
Clipboard data: None
Keystroke: 's'
Clipboard data: None
Keystroke: 'a'
Clipboard data: None
Keystroke: 'b'
Clipboard data: None
Keystroke: Key.space
Clipboard data: None
Keystroke: 'a'
Clipboard data: None
Keystroke: 'c'
Clipboard data: None
Keystroke: 'h'
Clipboard data: None
Keystroke: 'a'
Clipboard data: None
Keystroke: Key.space
Clipboard data: None
Keystroke: 'b'
Clipboard data: None
Keystroke: 'a'
Clipboard data: None
Keystroke: 'n'
Clipboard data: None
Keystroke: 'a'
Clipboard data: None
Keystroke: 'k'
Clipboard data: None
Keystroke: 'a'
Clipboard data: None
Keystroke: 'r'
Clipboard data: None
Keystroke: Key.space
Clipboard data: None
Keystroke: 'd'
Clipboard data: None
Keystroke: 'o'
Clipboard data: None
Keystroke: 'u'
Clipboard data: None
Keystroke: Key.space
Clipboard data: None
Keystroke: 'n'
Clipboard data: None
Keystroke: 'a'
Clipboard data: None
Keystroke: Key.space
Clipboard data: None
Keystroke: Key.enter
Clipboard data: None
Keystroke: 'm'
Clipboard data: None
Keystroke: 'a'
Clipboard data: None
Keystroke: 'k'
Clipboard data: None
Keystroke: 'e'
Clipboard data: None
Keystroke: Key.space
Clipboard data: None
Keystroke: 't'
Clipboard data: None
Keystroke: 'h'
Clipboard data: None
Keystroke: 'e'
Clipboard data: None
Keystroke: Key.space
Clipboard data: None
Keystroke: 'r'
Clipboard data: None
Keystroke: 'e'
Clipboard data: None
Keystroke: 'a'
Clipboard data: None
Keystroke: 'd'
Clipboard data: None
Keystroke: 'm'
Clipboard data: None
Keystroke: 'e'
Clipboard data: None
Keystroke: Key.space
Clipboard data: None
Keystroke: 'i'
Clipboard data: None
Keystroke: 'n'
Clipboard data: None
Keystroke: Key.space
Clipboard data: None
Keystroke: 'e'
Clipboard data: None
Keystroke: 'n'
Clipboard data: None
Keystroke: 'g'
Clipboard data: None
Keystroke: 'l'
Clipboard data: None
Keystroke: 'i'
Clipboard data: None
Keystroke: 's'
Clipboard data: None
Keystroke: 'h'
Clipboard data: None
Keystroke: Key.space
Clipboard data: None
Keystroke: 'w'
Clipboard data: None
Keystroke: 'i'
Clipboard data: None
Keystroke: 't'
Clipboard data: None
Keystroke: 'h'
Clipboard data: None
Keystroke: Key.space
Clipboard data: None
Keystroke: 'g'
Clipboard data: None
Keystroke: 'h'
Clipboard data: None
Keystroke: 'i'
Clipboard data: None
Keystroke: 's'
Clipboard data: None
Keystroke: Key.backspace
Clipboard data: None
Keystroke: Key.backspace
Clipboard data: None
Keystroke: 'o'
Clipboard data: None
Keystroke: 's'
Clipboard data: None
Keystroke: 't'
Clipboard data: None
Keystroke: Key.space
Clipboard data: None
Keystroke: 'e'
Clipboard data: None
Keystroke: 'm'
Clipboard data: None
Keystroke: 'o'
Clipboard data: None
Keystroke: 'j'
Clipboard data: None
Keystroke: 'i'
Clipboard data: None
Keystroke: Key.enter
Clipboard data: None
Keystroke: 'y'
Clipboard data: None
Keystroke: 'a'
Clipboard data: None
Keystroke: 'a'
Clipboard data: None
Keystroke: 'r'
Clipboard data: None
Keystroke: Key.space
Clipboard data: None
Keystroke: 'd'
Clipboard data: None
Keystroke: 'e'
Clipboard data: None
Keystroke: 'k'
Clipboard data: None
Keystroke: 'h'
Clipboard data: None
Keystroke: 'o'
Clipboard data: None
Keystroke: Key.space
Clipboard data: None
Keystroke: 'l'
Clipboard data: None
Keystroke: 'o'
Clipboard data: None
Keystroke: 'g'
Clipboard data: None
Keystroke: 's'
Clipboard data: None
Keystroke: Key.space
Clipboard data: None
Keystroke: 'a'
Clipboard data: None
Keystroke: 'u'
Clipboard data: None
Keystroke: 't'
Clipboard data: None
Keystroke: 'o'
Clipboard data: None
Keystroke: 'm'
Clipboard data: None
Keystroke: 'a'
Clipboard data: None
Keystroke: 't'
Clipboard data: None
Keystroke: 'i'
Clipboard data: None
Keystroke: 'c'
Clipboard data: None
Keystroke: 'a'
Clipboard data: None
Keystroke: 'l'
Clipboard data: None
Keystroke: 'l'
Clipboard data: None
Keystroke: 'y'
Clipboard data: None
Keystroke: Key.space
Clipboard data: None
Keystroke: 'c'
Clipboard data: None
Keystroke: 'r'
Clipboard data: None
Keystroke: 'e'
Clipboard data: None
Keystroke: 'd'
Clipboard data: None
Keystroke: 'e'
Clipboard data: None
Keystroke: 'n'
Clipboard data: None
Keystroke: 't'
Clipboard data: None
Keystroke: 'i'
Clipboard data: None
Keystroke: 'a'
Clipboard data: None
Keystroke: 'l'
Clipboard data: None
Keystroke: 's'
Clipboard data: None
Keystroke: '/'
Clipboard data: None
Keystroke: Key.backspace
Clipboard data: None
Keystroke: '.'
Clipboard data: None
Keystroke: 'l'
Clipboard data: None
Keystroke: 'o'
Clipboard data: None
Keystroke: 'g'
Clipboard data: None
Keystroke: Key.space
Clipboard data: None
Keystroke: 'm'
Clipboard data: None
Keystroke: 'e'
Clipboard data: None
Keystroke: 'i'
Clipboard data: None
Keystroke: 'n'
Clipboard data: None
Keystroke: Key.space
Clipboard data: None
Keystroke: 's'
Clipboard data: None
Keystroke: 'a'
Clipboard data: None
Keystroke: 'v'
Clipboard data: None
Keystroke: 'e'
Clipboard data: None
Keystroke: Key.space
Clipboard data: None
Keystroke: 'h'
Clipboard data: None
Keystroke: 'o'
Clipboard data: None
Keystroke: 'n'
Clipboard data: None
Keystroke: 'g'
Clipboard data: None
Keystroke: 'i'
Clipboard data: None
Keystroke: Key.space
Clipboard data: None
Keystroke: Key.enter
Clipboard data: None
Keystroke: 'y'
Clipboard data: None
Keystroke: 'a'
Clipboard data: None
Keystroke: 'a'
Clipboard data: None
Keystroke: 'r'
Clipboard data: None
Keystroke: Key.space
Clipboard data: None
Keystroke: 'm'
Clipboard data: None
Keystroke: 'u'
Clipboard data: None
Keystroke: 'j'
Clipboard data: None
Keystroke: 'h'
Clipboard data: None
Keystroke: 'e'
Clipboard data: None
Keystroke: Key.space
Clipboard data: None
Keystroke: 'r'
Clipboard data: None
Keystroke: 'e'
Clipboard data: None
Keystroke: 'a'
Clipboard data: None
Keystroke: 'd'
Clipboard data: None
Keystroke: 'm'
Clipboard data: None
Keystroke: 'e'
Clipboard data: None
Keystroke: Key.space
Clipboard data: None
Keystroke: 'b'
Clipboard data: None
Keystroke: 'a'
Clipboard data: None
Keystroke: 'n'
Clipboard data: None
Keystroke: 'a'
Clipboard data: None
Keystroke: Key.space
Clipboard data: None
Keystroke: 'k'
Clipboard data: None
Keystroke: 'a'
Clipboard data: None
Keystroke: 'r'
Clipboard data: None
Keystroke: 'd'
Clipboard data: None
Keystroke: 'o'
Clipboard data: None
Keystroke: 'u'
Clipboard data: None
Keystroke: Key.space
Clipboard data: None
Keystroke: 'm'
Clipboard data: None
Keystroke: 'e'
Clipboard data: None
Keystroke: 'r'
Clipboard data: None
Keystroke: 'a'
Clipboard data: None
Keystroke: Key.space
Clipboard data: None
Keystroke: 'p'
Clipboard data: None
Keystroke: 'r'
Clipboard data: None
Keystroke: 'o'
Clipboard data: None
Keystroke: 'j'
Clipboard data: None
Keystroke: 'e'
Clipboard data: None
Keystroke: 'c'
Clipboard data: None
Keystroke: 't'
Clipboard data: None
Keystroke: Key.space
Clipboard data: None
Keystroke: 'h'
Clipboard data: None
Keystroke: 'o'
Clipboard data: None
Keystroke: 'c'
Clipboard data: None
Keystroke: 'h'
Clipboard data: None
Keystroke: 'u'
Clipboard data: None
Keystroke: 'k'
Clipboard data: None
Keystroke: 'a'
Clipboard data: None
Keystroke: Key.space
Clipboard data: None
Keystroke: 'h'
Clipboard data: None
Keystroke: 'a'
Clipboard data: None
Keystroke: 'i'
Clipboard data: None
Keystroke: Key.space
Clipboard data: None
Keystroke: Key.enter
Clipboard data: None
Keystroke: Key.caps_lock
Clipboard data: None
Keystroke: 'k'
Clipboard data: None
Keystroke: Key.caps_lock
Clipboard data: None
Keystroke: 'e'
Clipboard data: None
Keystroke: 'y'
Clipboard data: None
Keystroke: Key.caps_lock
Clipboard data: None
Keystroke: 'p'
Clipboard data: None
Keystroke: Key.caps_lock
Clipboard data: None
Keystroke: 'h'
Clipboard data: None
Keystroke: 'a'
Clipboard data: None
Keystroke: 'n'
Clipboard data: None
Keystroke: 't'
Clipboard data: None
Keystroke: 'o'
Clipboard data: None
Keystroke: 'm'
Clipboard data: None
Keystroke: Key.media_play_pause
Clipboard data: None
Keystroke: Key.space
Clipboard data: None
Keystroke: Key.space
Clipboard data: None
Keystroke: 'e'
Clipboard data: None
Keystroke: 'n'
Clipboard data: None
Keystroke: 's'
Clipboard data: None
Keystroke: 'a'
Clipboard data: None
Keystroke: 'b'
Clipboard data: None
Keystroke: Key.space
Clipboard data: None
Keystroke: 'm'
Clipboard data: None
Keystroke: 'e'
Clipboard data: None
Keystroke: 'i'
Clipboard data: None
Keystroke: 'n'
Clipboard data: None
Keystroke: Key.space
Clipboard data: None
Keystroke: 'k'
Clipboard data: None
Keystroke: 'y'
Clipboard data: None
Keystroke: 'a'
Clipboard data: None
Keystroke: Key.space
Clipboard data: None
Keystroke: 'h'
Clipboard data: None
Keystroke: 'o'
Clipboard data: None
Keystroke: 'g'
Clipboard data: None
Keystroke: 'a'
Clipboard data: None
Keystroke: Key.enter
Clipboard data: 'KeyPhantom', '👻', '-', 'Educational', 'Python', 'keylogger', '&',
       'clipboard', 'logger', 'for', 'learning', 'purposes', 'only.', 'Logs',
       'are', 'stored', 'locally.'],
      dtype='object')
Keystroke: 'a'
Clipboard data: 'KeyPhantom', '👻', '-', 'Educational', 'Python', 'keylogger', '&',
       'clipboard', 'logger', 'for', 'learning', 'purposes', 'only.', 'Logs',
       'are', 'stored', 'locally.'],
      dtype='object')
Keystroke: 'a'
Clipboard data: 'KeyPhantom', '👻', '-', 'Educational', 'Python', 'keylogger', '&',
       'clipboard', 'logger', 'for', 'learning', 'purposes', 'only.', 'Logs',
       'are', 'stored', 'locally.'],
      dtype='object')
Keystroke: 'b'
Clipboard data: 'KeyPhantom', '👻', '-', 'Educational', 'Python', 'keylogger', '&',
       'clipboard', 'logger', 'for', 'learning', 'purposes', 'only.', 'Logs',
       'are', 'stored', 'locally.'],
      dtype='object')
Keystroke: Key.space
Clipboard data: 'KeyPhantom', '👻', '-', 'Educational', 'Python', 'keylogger', '&',
       'clipboard', 'logger', 'for', 'learning', 'purposes', 'only.', 'Logs',
       'are', 'stored', 'locally.'],
      dtype='object')
Keystroke: 'a'
Clipboard data: 'KeyPhantom', '👻', '-', 'Educational', 'Python', 'keylogger', '&',
       'clipboard', 'logger', 'for', 'learning', 'purposes', 'only.', 'Logs',
       'are', 'stored', 'locally.'],
      dtype='object')
Keystroke: 'c'
Clipboard data: 'KeyPhantom', '👻', '-', 'Educational', 'Python', 'keylogger', '&',
       'clipboard', 'logger', 'for', 'learning', 'purposes', 'only.', 'Logs',
       'are', 'stored', 'locally.'],
      dtype='object')
Keystroke: 'h'
Clipboard data: 'KeyPhantom', '👻', '-', 'Educational', 'Python', 'keylogger', '&',
       'clipboard', 'logger', 'for', 'learning', 'purposes', 'only.', 'Logs',
       'are', 'stored', 'locally.'],
      dtype='object')
Keystroke: 'a'
Clipboard data: 'KeyPhantom', '👻', '-', 'Educational', 'Python', 'keylogger', '&',
       'clipboard', 'logger', 'for', 'learning', 'purposes', 'only.', 'Logs',
       'are', 'stored', 'locally.'],
      dtype='object')
Keystroke: Key.space
Clipboard data: 'KeyPhantom', '👻', '-', 'Educational', 'Python', 'keylogger', '&',
       'clipboard', 'logger', 'for', 'learning', 'purposes', 'only.', 'Logs',
       'are', 'stored', 'locally.'],
      dtype='object')
Keystroke: 's'
Clipboard data: 'KeyPhantom', '👻', '-', 'Educational', 'Python', 'keylogger', '&',
       'clipboard', 'logger', 'for', 'learning', 'purposes', 'only.', 'Logs',
       'are', 'stored', 'locally.'],
      dtype='object')
Keystroke: 'a'
Clipboard data: 'KeyPhantom', '👻', '-', 'Educational', 'Python', 'keylogger', '&',
       'clipboard', 'logger', 'for', 'learning', 'purposes', 'only.', 'Logs',
       'are', 'stored', 'locally.'],
      dtype='object')
Keystroke: Key.space
Clipboard data: 'KeyPhantom', '👻', '-', 'Educational', 'Python', 'keylogger', '&',
       'clipboard', 'logger', 'for', 'learning', 'purposes', 'only.', 'Logs',
       'are', 'stored', 'locally.'],
      dtype='object')
Keystroke: 'r'
Clipboard data: 'KeyPhantom', '👻', '-', 'Educational', 'Python', 'keylogger', '&',
       'clipboard', 'logger', 'for', 'learning', 'purposes', 'only.', 'Logs',
       'are', 'stored', 'locally.'],
      dtype='object')
Keystroke: 'e'
Clipboard data: 'KeyPhantom', '👻', '-', 'Educational', 'Python', 'keylogger', '&',
       'clipboard', 'logger', 'for', 'learning', 'purposes', 'only.', 'Logs',
       'are', 'stored', 'locally.'],
      dtype='object')
Keystroke: 'a'
Clipboard data: 'KeyPhantom', '👻', '-', 'Educational', 'Python', 'keylogger', '&',
       'clipboard', 'logger', 'for', 'learning', 'purposes', 'only.', 'Logs',
       'are', 'stored', 'locally.'],
      dtype='object')
Keystroke: 'd'
Clipboard data: 'KeyPhantom', '👻', '-', 'Educational', 'Python', 'keylogger', '&',
       'clipboard', 'logger', 'for', 'learning', 'purposes', 'only.', 'Logs',
       'are', 'stored', 'locally.'],
      dtype='object')
Keystroke: 'm'
Clipboard data: 'KeyPhantom', '👻', '-', 'Educational', 'Python', 'keylogger', '&',
       'clipboard', 'logger', 'for', 'learning', 'purposes', 'only.', 'Logs',
       'are', 'stored', 'locally.'],
      dtype='object')
Keystroke: 'e'
Clipboard data: 'KeyPhantom', '👻', '-', 'Educational', 'Python', 'keylogger', '&',
       'clipboard', 'logger', 'for', 'learning', 'purposes', 'only.', 'Logs',
       'are', 'stored', 'locally.'],
      dtype='object')
Keystroke: Key.space
Clipboard data: 'KeyPhantom', '👻', '-', 'Educational', 'Python', 'keylogger', '&',
       'clipboard', 'logger', 'for', 'learning', 'purposes', 'only.', 'Logs',
       'are', 'stored', 'locally.'],
      dtype='object')
Keystroke: 'b'
Clipboard data: 'KeyPhantom', '👻', '-', 'Educational', 'Python', 'keylogger', '&',
       'clipboard', 'logger', 'for', 'learning', 'purposes', 'only.', 'Logs',
       'are', 'stored', 'locally.'],
      dtype='object')
Keystroke: 'a'
Clipboard data: 'KeyPhantom', '👻', '-', 'Educational', 'Python', 'keylogger', '&',
       'clipboard', 'logger', 'for', 'learning', 'purposes', 'only.', 'Logs',
       'are', 'stored', 'locally.'],
      dtype='object')
Keystroke: 'n'
Clipboard data: 'KeyPhantom', '👻', '-', 'Educational', 'Python', 'keylogger', '&',
       'clipboard', 'logger', 'for', 'learning', 'purposes', 'only.', 'Logs',
       'are', 'stored', 'locally.'],
      dtype='object')
Keystroke: 'a'
Clipboard data: 'KeyPhantom', '👻', '-', 'Educational', 'Python', 'keylogger', '&',
       'clipboard', 'logger', 'for', 'learning', 'purposes', 'only.', 'Logs',
       'are', 'stored', 'locally.'],
      dtype='object')
Keystroke: Key.space
Clipboard data: 'KeyPhantom', '👻', '-', 'Educational', 'Python', 'keylogger', '&',
       'clipboard', 'logger', 'for', 'learning', 'purposes', 'only.', 'Logs',
       'are', 'stored', 'locally.'],
      dtype='object')
Keystroke: 'k'
Clipboard data: 'KeyPhantom', '👻', '-', 'Educational', 'Python', 'keylogger', '&',
       'clipboard', 'logger', 'for', 'learning', 'purposes', 'only.', 'Logs',
       'are', 'stored', 'locally.'],
      dtype='object')
Keystroke: 'a'
Clipboard data: 'KeyPhantom', '👻', '-', 'Educational', 'Python', 'keylogger', '&',
       'clipboard', 'logger', 'for', 'learning', 'purposes', 'only.', 'Logs',
       'are', 'stored', 'locally.'],
      dtype='object')
Keystroke: 'r'
Clipboard data: 'KeyPhantom', '👻', '-', 'Educational', 'Python', 'keylogger', '&',
       'clipboard', 'logger', 'for', 'learning', 'purposes', 'only.', 'Logs',
       'are', 'stored', 'locally.'],
      dtype='object')
Keystroke: Key.space
Clipboard data: 'KeyPhantom', '👻', '-', 'Educational', 'Python', 'keylogger', '&',
       'clipboard', 'logger', 'for', 'learning', 'purposes', 'only.', 'Logs',
       'are', 'stored', 'locally.'],
      dtype='object')
Keystroke: 'd'
Clipboard data: 'KeyPhantom', '👻', '-', 'Educational', 'Python', 'keylogger', '&',
       'clipboard', 'logger', 'for', 'learning', 'purposes', 'only.', 'Logs',
       'are', 'stored', 'locally.'],
      dtype='object')
Keystroke: 'o'
Clipboard data: 'KeyPhantom', '👻', '-', 'Educational', 'Python', 'keylogger', '&',
       'clipboard', 'logger', 'for', 'learning', 'purposes', 'only.', 'Logs',
       'are', 'stored', 'locally.'],
      dtype='object')
Keystroke: 'u'
Clipboard data: 'KeyPhantom', '👻', '-', 'Educational', 'Python', 'keylogger', '&',
       'clipboard', 'logger', 'for', 'learning', 'purposes', 'only.', 'Logs',
       'are', 'stored', 'locally.'],
      dtype='object')
Keystroke: Key.enter
Clipboard data: 'KeyPhantom', '👻', '-', 'Educational', 'Python', 'keylogger', '&',
       'clipboard', 'logger', 'for', 'learning', 'purposes', 'only.', 'Logs',
       'are', 'stored', 'locally.'],
      dtype='object')
Keystroke: 'y'
Clipboard data: 'KeyPhantom', '👻', '-', 'Educational', 'Python', 'keylogger', '&',
       'clipboard', 'logger', 'for', 'learning', 'purposes', 'only.', 'Logs',
       'are', 'stored', 'locally.'],
      dtype='object')
Keystroke: 'a'
Clipboard data: 'KeyPhantom', '👻', '-', 'Educational', 'Python', 'keylogger', '&',
       'clipboard', 'logger', 'for', 'learning', 'purposes', 'only.', 'Logs',
       'are', 'stored', 'locally.'],
      dtype='object')
Keystroke: 'a'
Clipboard data: 'KeyPhantom', '👻', '-', 'Educational', 'Python', 'keylogger', '&',
       'clipboard', 'logger', 'for', 'learning', 'purposes', 'only.', 'Logs',
       'are', 'stored', 'locally.'],
      dtype='object')
Keystroke: 'r'
Clipboard data: 'KeyPhantom', '👻', '-', 'Educational', 'Python', 'keylogger', '&',
       'clipboard', 'logger', 'for', 'learning', 'purposes', 'only.', 'Logs',
       'are', 'stored', 'locally.'],
      dtype='object')
Keystroke: Key.space
Clipboard data: 'KeyPhantom', '👻', '-', 'Educational', 'Python', 'keylogger', '&',
       'clipboard', 'logger', 'for', 'learning', 'purposes', 'only.', 'Logs',
       'are', 'stored', 'locally.'],
      dtype='object')
Keystroke: 'a'
Clipboard data: 'KeyPhantom', '👻', '-', 'Educational', 'Python', 'keylogger', '&',
       'clipboard', 'logger', 'for', 'learning', 'purposes', 'only.', 'Logs',
       'are', 'stored', 'locally.'],
      dtype='object')
Keystroke: 'b'
Clipboard data: 'KeyPhantom', '👻', '-', 'Educational', 'Python', 'keylogger', '&',
       'clipboard', 'logger', 'for', 'learning', 'purposes', 'only.', 'Logs',
       'are', 'stored', 'locally.'],
      dtype='object')
Keystroke: 'h'
Clipboard data: 'KeyPhantom', '👻', '-', 'Educational', 'Python', 'keylogger', '&',
       'clipboard', 'logger', 'for', 'learning', 'purposes', 'only.', 'Logs',
       'are', 'stored', 'locally.'],
      dtype='object')
Keystroke: 'i'
Clipboard data: 'KeyPhantom', '👻', '-', 'Educational', 'Python', 'keylogger', '&',
       'clipboard', 'logger', 'for', 'learning', 'purposes', 'only.', 'Logs',
       'are', 'stored', 'locally.'],
      dtype='object')
Keystroke: Key.space
Clipboard data: 'KeyPhantom', '👻', '-', 'Educational', 'Python', 'keylogger', '&',
       'clipboard', 'logger', 'for', 'learning', 'purposes', 'only.', 'Logs',
       'are', 'stored', 'locally.'],
      dtype='object')
Keystroke: 'b'
Clipboard data: 'KeyPhantom', '👻', '-', 'Educational', 'Python', 'keylogger', '&',
       'clipboard', 'logger', 'for', 'learning', 'purposes', 'only.', 'Logs',
       'are', 'stored', 'locally.'],
      dtype='object')
Keystroke: 'a'
Clipboard data: 'KeyPhantom', '👻', '-', 'Educational', 'Python', 'keylogger', '&',
       'clipboard', 'logger', 'for', 'learning', 'purposes', 'only.', 'Logs',
       'are', 'stored', 'locally.'],
      dtype='object')
Keystroke: 't'
Clipboard data: 'KeyPhantom', '👻', '-', 'Educational', 'Python', 'keylogger', '&',
       'clipboard', 'logger', 'for', 'learning', 'purposes', 'only.', 'Logs',
       'are', 'stored', 'locally.'],
      dtype='object')
Keystroke: 'a'
Clipboard data: 'KeyPhantom', '👻', '-', 'Educational', 'Python', 'keylogger', '&',
       'clipboard', 'logger', 'for', 'learning', 'purposes', 'only.', 'Logs',
       'are', 'stored', 'locally.'],
      dtype='object')
Keystroke: 'y'
Clipboard data: 'KeyPhantom', '👻', '-', 'Educational', 'Python', 'keylogger', '&',
       'clipboard', 'logger', 'for', 'learning', 'purposes', 'only.', 'Logs',
       'are', 'stored', 'locally.'],
      dtype='object')
Keystroke: 'a'
Clipboard data: 'KeyPhantom', '👻', '-', 'Educational', 'Python', 'keylogger', '&',
       'clipboard', 'logger', 'for', 'learning', 'purposes', 'only.', 'Logs',
       'are', 'stored', 'locally.'],
      dtype='object')
Keystroke: Key.space
Clipboard data: 'KeyPhantom', '👻', '-', 'Educational', 'Python', 'keylogger', '&',
       'clipboard', 'logger', 'for', 'learning', 'purposes', 'only.', 'Logs',
       'are', 'stored', 'locally.'],
      dtype='object')
Keystroke: 'h'
Clipboard data: 'KeyPhantom', '👻', '-', 'Educational', 'Python', 'keylogger', '&',
       'clipboard', 'logger', 'for', 'learning', 'purposes', 'only.', 'Logs',
       'are', 'stored', 'locally.'],
      dtype='object')
Keystroke: 'a'
Clipboard data: 'KeyPhantom', '👻', '-', 'Educational', 'Python', 'keylogger', '&',
       'clipboard', 'logger', 'for', 'learning', 'purposes', 'only.', 'Logs',
       'are', 'stored', 'locally.'],
      dtype='object')
Keystroke: 'i'
Clipboard data: 'KeyPhantom', '👻', '-', 'Educational', 'Python', 'keylogger', '&',
       'clipboard', 'logger', 'for', 'learning', 'purposes', 'only.', 'Logs',
       'are', 'stored', 'locally.'],
      dtype='object')
Keystroke: Key.space
Clipboard data: 'KeyPhantom', '👻', '-', 'Educational', 'Python', 'keylogger', '&',
       'clipboard', 'logger', 'for', 'learning', 'purposes', 'only.', 'Logs',
       'are', 'stored', 'locally.'],
      dtype='object')
Keystroke: 'h'
Clipboard data: 'KeyPhantom', '👻', '-', 'Educational', 'Python', 'keylogger', '&',
       'clipboard', 'logger', 'for', 'learning', 'purposes', 'only.', 'Logs',
       'are', 'stored', 'locally.'],
      dtype='object')
Keystroke: 'o'
Clipboard data: 'KeyPhantom', '👻', '-', 'Educational', 'Python', 'keylogger', '&',
       'clipboard', 'logger', 'for', 'learning', 'purposes', 'only.', 'Logs',
       'are', 'stored', 'locally.'],
      dtype='object')
Keystroke: 's'
Clipboard data: 'KeyPhantom', '👻', '-', 'Educational', 'Python', 'keylogger', '&',
       'clipboard', 'logger', 'for', 'learning', 'purposes', 'only.', 'Logs',
       'are', 'stored', 'locally.'],
      dtype='object')
Keystroke: 't'
Clipboard data: 'KeyPhantom', '👻', '-', 'Educational', 'Python', 'keylogger', '&',
       'clipboard', 'logger', 'for', 'learning', 'purposes', 'only.', 'Logs',
       'are', 'stored', 'locally.'],
      dtype='object')
Keystroke: 'n'
Clipboard data: 'KeyPhantom', '👻', '-', 'Educational', 'Python', 'keylogger', '&',
       'clipboard', 'logger', 'for', 'learning', 'purposes', 'only.', 'Logs',
       'are', 'stored', 'locally.'],
      dtype='object')
Keystroke: 'a'
Clipboard data: 'KeyPhantom', '👻', '-', 'Educational', 'Python', 'keylogger', '&',
       'clipboard', 'logger', 'for', 'learning', 'purposes', 'only.', 'Logs',
       'are', 'stored', 'locally.'],
      dtype='object')
Keystroke: 'm'
Clipboard data: 'KeyPhantom', '👻', '-', 'Educational', 'Python', 'keylogger', '&',
       'clipboard', 'logger', 'for', 'learning', 'purposes', 'only.', 'Logs',
       'are', 'stored', 'locally.'],
      dtype='object')
Keystroke: 'e'
Clipboard data: 'KeyPhantom', '👻', '-', 'Educational', 'Python', 'keylogger', '&',
       'clipboard', 'logger', 'for', 'learning', 'purposes', 'only.', 'Logs',
       'are', 'stored', 'locally.'],
      dtype='object')
Keystroke: '.'
Clipboard data: 'KeyPhantom', '👻', '-', 'Educational', 'Python', 'keylogger', '&',
       'clipboard', 'logger', 'for', 'learning', 'purposes', 'only.', 'Logs',
       'are', 'stored', 'locally.'],
      dtype='object')
Keystroke: 't'
Clipboard data: 'KeyPhantom', '👻', '-', 'Educational', 'Python', 'keylogger', '&',
       'clipboard', 'logger', 'for', 'learning', 'purposes', 'only.', 'Logs',
       'are', 'stored', 'locally.'],
      dtype='object')
Keystroke: 'x'
Clipboard data: 'KeyPhantom', '👻', '-', 'Educational', 'Python', 'keylogger', '&',
       'clipboard', 'logger', 'for', 'learning', 'purposes', 'only.', 'Logs',
       'are', 'stored', 'locally.'],
      dtype='object')
Keystroke: 't'
Clipboard data: 'KeyPhantom', '👻', '-', 'Educational', 'Python', 'keylogger', '&',
       'clipboard', 'logger', 'for', 'learning', 'purposes', 'only.', 'Logs',
       'are', 'stored', 'locally.'],
      dtype='object')
Keystroke: Key.space
Clipboard data: 'KeyPhantom', '👻', '-', 'Educational', 'Python', 'keylogger', '&',
       'clipboard', 'logger', 'for', 'learning', 'purposes', 'only.', 'Logs',
       'are', 'stored', 'locally.'],
      dtype='object')
Keystroke: 'i'
Clipboard data: 'KeyPhantom', '👻', '-', 'Educational', 'Python', 'keylogger', '&',
       'clipboard', 'logger', 'for', 'learning', 'purposes', 'only.', 'Logs',
       'are', 'stored', 'locally.'],
      dtype='object')
Keystroke: Key.space
Clipboard data: 'KeyPhantom', '👻', '-', 'Educational', 'Python', 'keylogger', '&',
       'clipboard', 'logger', 'for', 'learning', 'purposes', 'only.', 'Logs',
       'are', 'stored', 'locally.'],
      dtype='object')
Keystroke: 'd'
Clipboard data: 'KeyPhantom', '👻', '-', 'Educational', 'Python', 'keylogger', '&',
       'clipboard', 'logger', 'for', 'learning', 'purposes', 'only.', 'Logs',
       'are', 'stored', 'locally.'],
      dtype='object')
Keystroke: 'e'
Clipboard data: 'KeyPhantom', '👻', '-', 'Educational', 'Python', 'keylogger', '&',
       'clipboard', 'logger', 'for', 'learning', 'purposes', 'only.', 'Logs',
       'are', 'stored', 'locally.'],
      dtype='object')
Keystroke: 'l'
Clipboard data: 'KeyPhantom', '👻', '-', 'Educational', 'Python', 'keylogger', '&',
       'clipboard', 'logger', 'for', 'learning', 'purposes', 'only.', 'Logs',
       'are', 'stored', 'locally.'],
      dtype='object')
Keystroke: 'e'
Clipboard data: 'KeyPhantom', '👻', '-', 'Educational', 'Python', 'keylogger', '&',
       'clipboard', 'logger', 'for', 'learning', 'purposes', 'only.', 'Logs',
       'are', 'stored', 'locally.'],
      dtype='object')
Keystroke: 't'
Clipboard data: 'KeyPhantom', '👻', '-', 'Educational', 'Python', 'keylogger', '&',
       'clipboard', 'logger', 'for', 'learning', 'purposes', 'only.', 'Logs',
       'are', 'stored', 'locally.'],
      dtype='object')
Keystroke: 'e'
Clipboard data: 'KeyPhantom', '👻', '-', 'Educational', 'Python', 'keylogger', '&',
       'clipboard', 'logger', 'for', 'learning', 'purposes', 'only.', 'Logs',
       'are', 'stored', 'locally.'],
      dtype='object')
Keystroke: 'd'
Clipboard data: 'KeyPhantom', '👻', '-', 'Educational', 'Python', 'keylogger', '&',
       'clipboard', 'logger', 'for', 'learning', 'purposes', 'only.', 'Logs',
       'are', 'stored', 'locally.'],
      dtype='object')
Keystroke: Key.space
Clipboard data: 'KeyPhantom', '👻', '-', 'Educational', 'Python', 'keylogger', '&',
       'clipboard', 'logger', 'for', 'learning', 'purposes', 'only.', 'Logs',
       'are', 'stored', 'locally.'],
      dtype='object')
Keystroke: 'c'
Clipboard data: 'KeyPhantom', '👻', '-', 'Educational', 'Python', 'keylogger', '&',
       'clipboard', 'logger', 'for', 'learning', 'purposes', 'only.', 'Logs',
       'are', 'stored', 'locally.'],
      dtype='object')
Keystroke: 'o'
Clipboard data: 'KeyPhantom', '👻', '-', 'Educational', 'Python', 'keylogger', '&',
       'clipboard', 'logger', 'for', 'learning', 'purposes', 'only.', 'Logs',
       'are', 'stored', 'locally.'],
      dtype='object')
Keystroke: 'z'
Clipboard data: 'KeyPhantom', '👻', '-', 'Educational', 'Python', 'keylogger', '&',
       'clipboard', 'logger', 'for', 'learning', 'purposes', 'only.', 'Logs',
       'are', 'stored', 'locally.'],
      dtype='object')
Keystroke: Key.space
Clipboard data: 'KeyPhantom', '👻', '-', 'Educational', 'Python', 'keylogger', '&',
       'clipboard', 'logger', 'for', 'learning', 'purposes', 'only.', 'Logs',
       'are', 'stored', 'locally.'],
      dtype='object')
Keystroke: 'a'
Clipboard data: 'KeyPhantom', '👻', '-', 'Educational', 'Python', 'keylogger', '&',
       'clipboard', 'logger', 'for', 'learning', 'purposes', 'only.', 'Logs',
       'are', 'stored', 'locally.'],
      dtype='object')
Keystroke: 'u'
Clipboard data: 'KeyPhantom', '👻', '-', 'Educational', 'Python', 'keylogger', '&',
       'clipboard', 'logger', 'for', 'learning', 'purposes', 'only.', 'Logs',
       'are', 'stored', 'locally.'],
      dtype='object')
Keystroke: 't'
Clipboard data: 'KeyPhantom', '👻', '-', 'Educational', 'Python', 'keylogger', '&',
       'clipboard', 'logger', 'for', 'learning', 'purposes', 'only.', 'Logs',
       'are', 'stored', 'locally.'],
      dtype='object')
Keystroke: 'i'
Clipboard data: 'KeyPhantom', '👻', '-', 'Educational', 'Python', 'keylogger', '&',
       'clipboard', 'logger', 'for', 'learning', 'purposes', 'only.', 'Logs',
       'are', 'stored', 'locally.'],
      dtype='object')
Keystroke: Key.backspace
Clipboard data: 'KeyPhantom', '👻', '-', 'Educational', 'Python', 'keylogger', '&',
       'clipboard', 'logger', 'for', 'learning', 'purposes', 'only.', 'Logs',
       'are', 'stored', 'locally.'],
      dtype='object')
Keystroke: 'o'
Clipboard data: 'KeyPhantom', '👻', '-', 'Educational', 'Python', 'keylogger', '&',
       'clipboard', 'logger', 'for', 'learning', 'purposes', 'only.', 'Logs',
       'are', 'stored', 'locally.'],
      dtype='object')
Keystroke: 'm'
Clipboard data: 'KeyPhantom', '👻', '-', 'Educational', 'Python', 'keylogger', '&',
       'clipboard', 'logger', 'for', 'learning', 'purposes', 'only.', 'Logs',
       'are', 'stored', 'locally.'],
      dtype='object')
Keystroke: 'a'
Clipboard data: 'KeyPhantom', '👻', '-', 'Educational', 'Python', 'keylogger', '&',
       'clipboard', 'logger', 'for', 'learning', 'purposes', 'only.', 'Logs',
       'are', 'stored', 'locally.'],
      dtype='object')
Keystroke: 't'
Clipboard data: 'KeyPhantom', '👻', '-', 'Educational', 'Python', 'keylogger', '&',
       'clipboard', 'logger', 'for', 'learning', 'purposes', 'only.', 'Logs',
       'are', 'stored', 'locally.'],
      dtype='object')
Keystroke: 'i'
Clipboard data: 'KeyPhantom', '👻', '-', 'Educational', 'Python', 'keylogger', '&',
       'clipboard', 'logger', 'for', 'learning', 'purposes', 'only.', 'Logs',
       'are', 'stored', 'locally.'],
      dtype='object')
Keystroke: 'c'
Clipboard data: 'KeyPhantom', '👻', '-', 'Educational', 'Python', 'keylogger', '&',
       'clipboard', 'logger', 'for', 'learning', 'purposes', 'only.', 'Logs',
       'are', 'stored', 'locally.'],
      dtype='object')
Keystroke: 'a'
Clipboard data: 'KeyPhantom', '👻', '-', 'Educational', 'Python', 'keylogger', '&',
       'clipboard', 'logger', 'for', 'learning', 'purposes', 'only.', 'Logs',
       'are', 'stored', 'locally.'],
      dtype='object')
Keystroke: 'l'
Clipboard data: 'KeyPhantom', '👻', '-', 'Educational', 'Python', 'keylogger', '&',
       'clipboard', 'logger', 'for', 'learning', 'purposes', 'only.', 'Logs',
       'are', 'stored', 'locally.'],
      dtype='object')
Keystroke: 'l'
Clipboard data: 'KeyPhantom', '👻', '-', 'Educational', 'Python', 'keylogger', '&',
       'clipboard', 'logger', 'for', 'learning', 'purposes', 'only.', 'Logs',
       'are', 'stored', 'locally.'],
      dtype='object')
Keystroke: 'y'
Clipboard data: 'KeyPhantom', '👻', '-', 'Educational', 'Python', 'keylogger', '&',
       'clipboard', 'logger', 'for', 'learning', 'purposes', 'only.', 'Logs',
       'are', 'stored', 'locally.'],
      dtype='object')
Keystroke: Key.space
Clipboard data: 'KeyPhantom', '👻', '-', 'Educational', 'Python', 'keylogger', '&',
       'clipboard', 'logger', 'for', 'learning', 'purposes', 'only.', 'Logs',
       'are', 'stored', 'locally.'],
      dtype='object')
Keystroke: 'f'
Clipboard data: 'KeyPhantom', '👻', '-', 'Educational', 'Python', 'keylogger', '&',
       'clipboard', 'logger', 'for', 'learning', 'purposes', 'only.', 'Logs',
       'are', 'stored', 'locally.'],
      dtype='object')
Keystroke: 'i'
Clipboard data: 'KeyPhantom', '👻', '-', 'Educational', 'Python', 'keylogger', '&',
       'clipboard', 'logger', 'for', 'learning', 'purposes', 'only.', 'Logs',
       'are', 'stored', 'locally.'],
      dtype='object')
Keystroke: 'l'
Clipboard data: 'KeyPhantom', '👻', '-', 'Educational', 'Python', 'keylogger', '&',
       'clipboard', 'logger', 'for', 'learning', 'purposes', 'only.', 'Logs',
       'are', 'stored', 'locally.'],
      dtype='object')
Keystroke: 'e'
Clipboard data: 'KeyPhantom', '👻', '-', 'Educational', 'Python', 'keylogger', '&',
       'clipboard', 'logger', 'for', 'learning', 'purposes', 'only.', 'Logs',
       'are', 'stored', 'locally.'],
      dtype='object')
Keystroke: Key.space
Clipboard data: 'KeyPhantom', '👻', '-', 'Educational', 'Python', 'keylogger', '&',
       'clipboard', 'logger', 'for', 'learning', 'purposes', 'only.', 'Logs',
       'are', 'stored', 'locally.'],
      dtype='object')
Keystroke: 's'
Clipboard data: 'KeyPhantom', '👻', '-', 'Educational', 'Python', 'keylogger', '&',
       'clipboard', 'logger', 'for', 'learning', 'purposes', 'only.', 'Logs',
       'are', 'stored', 'locally.'],
      dtype='object')
Keystroke: 'a'
Clipboard data: 'KeyPhantom', '👻', '-', 'Educational', 'Python', 'keylogger', '&',
       'clipboard', 'logger', 'for', 'learning', 'purposes', 'only.', 'Logs',
       'are', 'stored', 'locally.'],
      dtype='object')
Keystroke: 'v'
Clipboard data: 'KeyPhantom', '👻', '-', 'Educational', 'Python', 'keylogger', '&',
       'clipboard', 'logger', 'for', 'learning', 'purposes', 'only.', 'Logs',
       'are', 'stored', 'locally.'],
      dtype='object')
Keystroke: 'e'
Clipboard data: 'KeyPhantom', '👻', '-', 'Educational', 'Python', 'keylogger', '&',
       'clipboard', 'logger', 'for', 'learning', 'purposes', 'only.', 'Logs',
       'are', 'stored', 'locally.'],
      dtype='object')
Keystroke: Key.space
Clipboard data: 'KeyPhantom', '👻', '-', 'Educational', 'Python', 'keylogger', '&',
       'clipboard', 'logger', 'for', 'learning', 'purposes', 'only.', 'Logs',
       'are', 'stored', 'locally.'],
      dtype='object')
Keystroke: 'h'
Clipboard data: 'KeyPhantom', '👻', '-', 'Educational', 'Python', 'keylogger', '&',
       'clipboard', 'logger', 'for', 'learning', 'purposes', 'only.', 'Logs',
       'are', 'stored', 'locally.'],
      dtype='object')
Keystroke: 'o'
Clipboard data: 'KeyPhantom', '👻', '-', 'Educational', 'Python', 'keylogger', '&',
       'clipboard', 'logger', 'for', 'learning', 'purposes', 'only.', 'Logs',
       'are', 'stored', 'locally.'],
      dtype='object')
Keystroke: Key.space
Clipboard data: 'KeyPhantom', '👻', '-', 'Educational', 'Python', 'keylogger', '&',
       'clipboard', 'logger', 'for', 'learning', 'purposes', 'only.', 'Logs',
       'are', 'stored', 'locally.'],
      dtype='object')
Keystroke: 'r'
Clipboard data: 'KeyPhantom', '👻', '-', 'Educational', 'Python', 'keylogger', '&',
       'clipboard', 'logger', 'for', 'learning', 'purposes', 'only.', 'Logs',
       'are', 'stored', 'locally.'],
      dtype='object')
Keystroke: 'a'
Clipboard data: 'KeyPhantom', '👻', '-', 'Educational', 'Python', 'keylogger', '&',
       'clipboard', 'logger', 'for', 'learning', 'purposes', 'only.', 'Logs',
       'are', 'stored', 'locally.'],
      dtype='object')
Keystroke: 'h'
Clipboard data: 'KeyPhantom', '👻', '-', 'Educational', 'Python', 'keylogger', '&',
       'clipboard', 'logger', 'for', 'learning', 'purposes', 'only.', 'Logs',
       'are', 'stored', 'locally.'],
      dtype='object')
Keystroke: 'i'
Clipboard data: 'KeyPhantom', '👻', '-', 'Educational', 'Python', 'keylogger', '&',
       'clipboard', 'logger', 'for', 'learning', 'purposes', 'only.', 'Logs',
       'are', 'stored', 'locally.'],
      dtype='object')
Keystroke: Key.space
Clipboard data: 'KeyPhantom', '👻', '-', 'Educational', 'Python', 'keylogger', '&',
       'clipboard', 'logger', 'for', 'learning', 'purposes', 'only.', 'Logs',
       'are', 'stored', 'locally.'],
      dtype='object')
Keystroke: 'h'
Clipboard data: 'KeyPhantom', '👻', '-', 'Educational', 'Python', 'keylogger', '&',
       'clipboard', 'logger', 'for', 'learning', 'purposes', 'only.', 'Logs',
       'are', 'stored', 'locally.'],
      dtype='object')
Keystroke: 'a'
Clipboard data: 'KeyPhantom', '👻', '-', 'Educational', 'Python', 'keylogger', '&',
       'clipboard', 'logger', 'for', 'learning', 'purposes', 'only.', 'Logs',
       'are', 'stored', 'locally.'],
      dtype='object')
Keystroke: 'i'
Clipboard data: 'KeyPhantom', '👻', '-', 'Educational', 'Python', 'keylogger', '&',
       'clipboard', 'logger', 'for', 'learning', 'purposes', 'only.', 'Logs',
       'are', 'stored', 'locally.'],
      dtype='object')
Keystroke: Key.space
Clipboard data: 'KeyPhantom', '👻', '-', 'Educational', 'Python', 'keylogger', '&',
       'clipboard', 'logger', 'for', 'learning', 'purposes', 'only.', 'Logs',
       'are', 'stored', 'locally.'],
      dtype='object')
Keystroke: 'i'
Clipboard data: 'KeyPhantom', '👻', '-', 'Educational', 'Python', 'keylogger', '&',
       'clipboard', 'logger', 'for', 'learning', 'purposes', 'only.', 'Logs',
       'are', 'stored', 'locally.'],
      dtype='object')
Keystroke: 'n'
Clipboard data: 'KeyPhantom', '👻', '-', 'Educational', 'Python', 'keylogger', '&',
       'clipboard', 'logger', 'for', 'learning', 'purposes', 'only.', 'Logs',
       'are', 'stored', 'locally.'],
      dtype='object')
Keystroke: Key.space
Clipboard data: 'KeyPhantom', '👻', '-', 'Educational', 'Python', 'keylogger', '&',
       'clipboard', 'logger', 'for', 'learning', 'purposes', 'only.', 'Logs',
       'are', 'stored', 'locally.'],
      dtype='object')
Keystroke: 'c'
Clipboard data: 'KeyPhantom', '👻', '-', 'Educational', 'Python', 'keylogger', '&',
       'clipboard', 'logger', 'for', 'learning', 'purposes', 'only.', 'Logs',
       'are', 'stored', 'locally.'],
      dtype='object')
Keystroke: 'r'
Clipboard data: 'KeyPhantom', '👻', '-', 'Educational', 'Python', 'keylogger', '&',
       'clipboard', 'logger', 'for', 'learning', 'purposes', 'only.', 'Logs',
       'are', 'stored', 'locally.'],
      dtype='object')
Keystroke: 'e'
Clipboard data: 'KeyPhantom', '👻', '-', 'Educational', 'Python', 'keylogger', '&',
       'clipboard', 'logger', 'for', 'learning', 'purposes', 'only.', 'Logs',
       'are', 'stored', 'locally.'],
      dtype='object')
Keystroke: 'd'
Clipboard data: 'KeyPhantom', '👻', '-', 'Educational', 'Python', 'keylogger', '&',
       'clipboard', 'logger', 'for', 'learning', 'purposes', 'only.', 'Logs',
       'are', 'stored', 'locally.'],
      dtype='object')
Keystroke: 'e'
Clipboard data: 'KeyPhantom', '👻', '-', 'Educational', 'Python', 'keylogger', '&',
       'clipboard', 'logger', 'for', 'learning', 'purposes', 'only.', 'Logs',
       'are', 'stored', 'locally.'],
      dtype='object')
Keystroke: 'n'
Clipboard data: 'KeyPhantom', '👻', '-', 'Educational', 'Python', 'keylogger', '&',
       'clipboard', 'logger', 'for', 'learning', 'purposes', 'only.', 'Logs',
       'are', 'stored', 'locally.'],
      dtype='object')
Keystroke: 't'
Clipboard data: 'KeyPhantom', '👻', '-', 'Educational', 'Python', 'keylogger', '&',
       'clipboard', 'logger', 'for', 'learning', 'purposes', 'only.', 'Logs',
       'are', 'stored', 'locally.'],
      dtype='object')
Keystroke: 'i'
Clipboard data: 'KeyPhantom', '👻', '-', 'Educational', 'Python', 'keylogger', '&',
       'clipboard', 'logger', 'for', 'learning', 'purposes', 'only.', 'Logs',
       'are', 'stored', 'locally.'],
      dtype='object')
Keystroke: 'a'
Clipboard data: 'KeyPhantom', '👻', '-', 'Educational', 'Python', 'keylogger', '&',
       'clipboard', 'logger', 'for', 'learning', 'purposes', 'only.', 'Logs',
       'are', 'stored', 'locally.'],
      dtype='object')
Keystroke: 'l'
Clipboard data: 'KeyPhantom', '👻', '-', 'Educational', 'Python', 'keylogger', '&',
       'clipboard', 'logger', 'for', 'learning', 'purposes', 'only.', 'Logs',
       'are', 'stored', 'locally.'],
      dtype='object')
Keystroke: 's'
Clipboard data: 'KeyPhantom', '👻', '-', 'Educational', 'Python', 'keylogger', '&',
       'clipboard', 'logger', 'for', 'learning', 'purposes', 'only.', 'Logs',
       'are', 'stored', 'locally.'],
      dtype='object')
Keystroke: '.'
Clipboard data: 'KeyPhantom', '👻', '-', 'Educational', 'Python', 'keylogger', '&',
       'clipboard', 'logger', 'for', 'learning', 'purposes', 'only.', 'Logs',
       'are', 'stored', 'locally.'],
      dtype='object')
Keystroke: 'l'
Clipboard data: 'KeyPhantom', '👻', '-', 'Educational', 'Python', 'keylogger', '&',
       'clipboard', 'logger', 'for', 'learning', 'purposes', 'only.', 'Logs',
       'are', 'stored', 'locally.'],
      dtype='object')
Keystroke: 'o'
Clipboard data: 'KeyPhantom', '👻', '-', 'Educational', 'Python', 'keylogger', '&',
       'clipboard', 'logger', 'for', 'learning', 'purposes', 'only.', 'Logs',
       'are', 'stored', 'locally.'],
      dtype='object')
Keystroke: 'g'
Clipboard data: 'KeyPhantom', '👻', '-', 'Educational', 'Python', 'keylogger', '&',
       'clipboard', 'logger', 'for', 'learning', 'purposes', 'only.', 'Logs',
       'are', 'stored', 'locally.'],
      dtype='object')
Keystroke: Key.enter
Clipboard data: 'KeyPhantom', '👻', '-', 'Educational', 'Python', 'keylogger', '&',
       'clipboard', 'logger', 'for', 'learning', 'purposes', 'only.', 'Logs',
       'are', 'stored', 'locally.'],
      dtype='object')
Keystroke: Key.space
Clipboard data: 'KeyPhantom', '👻', '-', 'Educational', 'Python', 'keylogger', '&',
       'clipboard', 'logger', 'for', 'learning', 'purposes', 'only.', 'Logs',
       'are', 'stored', 'locally.'],
      dtype='object')
Keystroke: 'm'
Clipboard data: 'KeyPhantom', '👻', '-', 'Educational', 'Python', 'keylogger', '&',
       'clipboard', 'logger', 'for', 'learning', 'purposes', 'only.', 'Logs',
       'are', 'stored', 'locally.'],
      dtype='object')
Keystroke: 'u'
Clipboard data: 'KeyPhantom', '👻', '-', 'Educational', 'Python', 'keylogger', '&',
       'clipboard', 'logger', 'for', 'learning', 'purposes', 'only.', 'Logs',
       'are', 'stored', 'locally.'],
      dtype='object')
Keystroke: 'j'
Clipboard data: 'KeyPhantom', '👻', '-', 'Educational', 'Python', 'keylogger', '&',
       'clipboard', 'logger', 'for', 'learning', 'purposes', 'only.', 'Logs',
       'are', 'stored', 'locally.'],
      dtype='object')
Keystroke: 'h'
Clipboard data: 'KeyPhantom', '👻', '-', 'Educational', 'Python', 'keylogger', '&',
       'clipboard', 'logger', 'for', 'learning', 'purposes', 'only.', 'Logs',
       'are', 'stored', 'locally.'],
      dtype='object')
Keystroke: 'e'
Clipboard data: 'KeyPhantom', '👻', '-', 'Educational', 'Python', 'keylogger', '&',
       'clipboard', 'logger', 'for', 'learning', 'purposes', 'only.', 'Logs',
       'are', 'stored', 'locally.'],
      dtype='object')
Keystroke: Key.space
Clipboard data: 'KeyPhantom', '👻', '-', 'Educational', 'Python', 'keylogger', '&',
       'clipboard', 'logger', 'for', 'learning', 'purposes', 'only.', 'Logs',
       'are', 'stored', 'locally.'],
      dtype='object')
Keystroke: 'e'
Clipboard data: 'KeyPhantom', '👻', '-', 'Educational', 'Python', 'keylogger', '&',
       'clipboard', 'logger', 'for', 'learning', 'purposes', 'only.', 'Logs',
       'are', 'stored', 'locally.'],
      dtype='object')
Keystroke: 's'
Clipboard data: 'KeyPhantom', '👻', '-', 'Educational', 'Python', 'keylogger', '&',
       'clipboard', 'logger', 'for', 'learning', 'purposes', 'only.', 'Logs',
       'are', 'stored', 'locally.'],
      dtype='object')
Keystroke: Key.space
Clipboard data: 'KeyPhantom', '👻', '-', 'Educational', 'Python', 'keylogger', '&',
       'clipboard', 'logger', 'for', 'learning', 'purposes', 'only.', 'Logs',
       'are', 'stored', 'locally.'],
      dtype='object')
Keystroke: 'h'
Clipboard data: 'KeyPhantom', '👻', '-', 'Educational', 'Python', 'keylogger', '&',
       'clipboard', 'logger', 'for', 'learning', 'purposes', 'only.', 'Logs',
       'are', 'stored', 'locally.'],
      dtype='object')
Keystroke: 'i'
Clipboard data: 'KeyPhantom', '👻', '-', 'Educational', 'Python', 'keylogger', '&',
       'clipboard', 'logger', 'for', 'learning', 'purposes', 'only.', 'Logs',
       'are', 'stored', 'locally.'],
      dtype='object')
Keystroke: 's'
Clipboard data: 'KeyPhantom', '👻', '-', 'Educational', 'Python', 'keylogger', '&',
       'clipboard', 'logger', 'for', 'learning', 'purposes', 'only.', 'Logs',
       'are', 'stored', 'locally.'],
      dtype='object')
Keystroke: 'a'
Clipboard data: 'KeyPhantom', '👻', '-', 'Educational', 'Python', 'keylogger', '&',
       'clipboard', 'logger', 'for', 'learning', 'purposes', 'only.', 'Logs',
       'are', 'stored', 'locally.'],
      dtype='object')
Keystroke: 'a'
Clipboard data: 'KeyPhantom', '👻', '-', 'Educational', 'Python', 'keylogger', '&',
       'clipboard', 'logger', 'for', 'learning', 'purposes', 'only.', 'Logs',
       'are', 'stored', 'locally.'],
      dtype='object')
Keystroke: 'b'
Clipboard data: 'KeyPhantom', '👻', '-', 'Educational', 'Python', 'keylogger', '&',
       'clipboard', 'logger', 'for', 'learning', 'purposes', 'only.', 'Logs',
       'are', 'stored', 'locally.'],
      dtype='object')
Keystroke: Key.space
Clipboard data: 'KeyPhantom', '👻', '-', 'Educational', 'Python', 'keylogger', '&',
       'clipboard', 'logger', 'for', 'learning', 'purposes', 'only.', 'Logs',
       'are', 'stored', 'locally.'],
      dtype='object')
Keystroke: 's'
Clipboard data: 'KeyPhantom', '👻', '-', 'Educational', 'Python', 'keylogger', '&',
       'clipboard', 'logger', 'for', 'learning', 'purposes', 'only.', 'Logs',
       'are', 'stored', 'locally.'],
      dtype='object')
Keystroke: 'e'
Clipboard data: 'KeyPhantom', '👻', '-', 'Educational', 'Python', 'keylogger', '&',
       'clipboard', 'logger', 'for', 'learning', 'purposes', 'only.', 'Logs',
       'are', 'stored', 'locally.'],
      dtype='object')
Keystroke: Key.space
Clipboard data: 'KeyPhantom', '👻', '-', 'Educational', 'Python', 'keylogger', '&',
       'clipboard', 'logger', 'for', 'learning', 'purposes', 'only.', 'Logs',
       'are', 'stored', 'locally.'],
      dtype='object')
Keystroke: 'a'
Clipboard data: 'KeyPhantom', '👻', '-', 'Educational', 'Python', 'keylogger', '&',
       'clipboard', 'logger', 'for', 'learning', 'purposes', 'only.', 'Logs',
       'are', 'stored', 'locally.'],
      dtype='object')
Keystroke: 'a'
Clipboard data: 'KeyPhantom', '👻', '-', 'Educational', 'Python', 'keylogger', '&',
       'clipboard', 'logger', 'for', 'learning', 'purposes', 'only.', 'Logs',
       'are', 'stored', 'locally.'],
      dtype='object')
Keystroke: 'b'
Clipboard data: 'KeyPhantom', '👻', '-', 'Educational', 'Python', 'keylogger', '&',
       'clipboard', 'logger', 'for', 'learning', 'purposes', 'only.', 'Logs',
       'are', 'stored', 'locally.'],
      dtype='object')
Keystroke: Key.space
Clipboard data: 'KeyPhantom', '👻', '-', 'Educational', 'Python', 'keylogger', '&',
       'clipboard', 'logger', 'for', 'learning', 'purposes', 'only.', 'Logs',
       'are', 'stored', 'locally.'],
      dtype='object')
Keystroke: 'b'
Clipboard data: 'KeyPhantom', '👻', '-', 'Educational', 'Python', 'keylogger', '&',
       'clipboard', 'logger', 'for', 'learning', 'purposes', 'only.', 'Logs',
       'are', 'stored', 'locally.'],
      dtype='object')
Keystroke: 'a'
Clipboard data: 'KeyPhantom', '👻', '-', 'Educational', 'Python', 'keylogger', '&',
       'clipboard', 'logger', 'for', 'learning', 'purposes', 'only.', 'Logs',
       'are', 'stored', 'locally.'],
      dtype='object')
Keystroke: 'n'
Clipboard data: 'KeyPhantom', '👻', '-', 'Educational', 'Python', 'keylogger', '&',
       'clipboard', 'logger', 'for', 'learning', 'purposes', 'only.', 'Logs',
       'are', 'stored', 'locally.'],
      dtype='object')
Keystroke: 'a'
Clipboard data: 'KeyPhantom', '👻', '-', 'Educational', 'Python', 'keylogger', '&',
       'clipboard', 'logger', 'for', 'learning', 'purposes', 'only.', 'Logs',
       'are', 'stored', 'locally.'],
      dtype='object')
Keystroke: Key.space
Clipboard data: 'KeyPhantom', '👻', '-', 'Educational', 'Python', 'keylogger', '&',
       'clipboard', 'logger', 'for', 'learning', 'purposes', 'only.', 'Logs',
       'are', 'stored', 'locally.'],
      dtype='object')
Keystroke: 'j'
Clipboard data: 'KeyPhantom', '👻', '-', 'Educational', 'Python', 'keylogger', '&',
       'clipboard', 'logger', 'for', 'learning', 'purposes', 'only.', 'Logs',
       'are', 'stored', 'locally.'],
      dtype='object')
Keystroke: Key.backspace
Clipboard data: 'KeyPhantom', '👻', '-', 'Educational', 'Python', 'keylogger', '&',
       'clipboard', 'logger', 'for', 'learning', 'purposes', 'only.', 'Logs',
       'are', 'stored', 'locally.'],
      dtype='object')
Keystroke: 'k'
Clipboard data: 'KeyPhantom', '👻', '-', 'Educational', 'Python', 'keylogger', '&',
       'clipboard', 'logger', 'for', 'learning', 'purposes', 'only.', 'Logs',
       'are', 'stored', 'locally.'],
      dtype='object')
Keystroke: 'a'
Clipboard data: 'KeyPhantom', '👻', '-', 'Educational', 'Python', 'keylogger', '&',
       'clipboard', 'logger', 'for', 'learning', 'purposes', 'only.', 'Logs',
       'are', 'stored', 'locally.'],
      dtype='object')
Keystroke: 'r'
Clipboard data: 'KeyPhantom', '👻', '-', 'Educational', 'Python', 'keylogger', '&',
       'clipboard', 'logger', 'for', 'learning', 'purposes', 'only.', 'Logs',
       'are', 'stored', 'locally.'],
      dtype='object')
Keystroke: Key.space
Clipboard data: 'KeyPhantom', '👻', '-', 'Educational', 'Python', 'keylogger', '&',
       'clipboard', 'logger', 'for', 'learning', 'purposes', 'only.', 'Logs',
       'are', 'stored', 'locally.'],
      dtype='object')
Keystroke: 'd'
Clipboard data: 'KeyPhantom', '👻', '-', 'Educational', 'Python', 'keylogger', '&',
       'clipboard', 'logger', 'for', 'learning', 'purposes', 'only.', 'Logs',
       'are', 'stored', 'locally.'],
      dtype='object')
Keystroke: 'o'
Clipboard data: 'KeyPhantom', '👻', '-', 'Educational', 'Python', 'keylogger', '&',
       'clipboard', 'logger', 'for', 'learning', 'purposes', 'only.', 'Logs',
       'are', 'stored', 'locally.'],
      dtype='object')
Keystroke: Key.space
Clipboard data: 'KeyPhantom', '👻', '-', 'Educational', 'Python', 'keylogger', '&',
       'clipboard', 'logger', 'for', 'learning', 'purposes', 'only.', 'Logs',
       'are', 'stored', 'locally.'],
      dtype='object')
Keystroke: 'r'
Clipboard data: 'KeyPhantom', '👻', '-', 'Educational', 'Python', 'keylogger', '&',
       'clipboard', 'logger', 'for', 'learning', 'purposes', 'only.', 'Logs',
       'are', 'stored', 'locally.'],
      dtype='object')
Keystroke: 'e'
Clipboard data: 'KeyPhantom', '👻', '-', 'Educational', 'Python', 'keylogger', '&',
       'clipboard', 'logger', 'for', 'learning', 'purposes', 'only.', 'Logs',
       'are', 'stored', 'locally.'],
      dtype='object')
Keystroke: 'a'
Clipboard data: 'KeyPhantom', '👻', '-', 'Educational', 'Python', 'keylogger', '&',
       'clipboard', 'logger', 'for', 'learning', 'purposes', 'only.', 'Logs',
       'are', 'stored', 'locally.'],
      dtype='object')
Keystroke: 'd'
Clipboard data: 'KeyPhantom', '👻', '-', 'Educational', 'Python', 'keylogger', '&',
       'clipboard', 'logger', 'for', 'learning', 'purposes', 'only.', 'Logs',
       'are', 'stored', 'locally.'],
      dtype='object')
Keystroke: 'm'
Clipboard data: 'KeyPhantom', '👻', '-', 'Educational', 'Python', 'keylogger', '&',
       'clipboard', 'logger', 'for', 'learning', 'purposes', 'only.', 'Logs',
       'are', 'stored', 'locally.'],
      dtype='object')
Keystroke: 'e'
Clipboard data: 'KeyPhantom', '👻', '-', 'Educational', 'Python', 'keylogger', '&',
       'clipboard', 'logger', 'for', 'learning', 'purposes', 'only.', 'Logs',
       'are', 'stored', 'locally.'],
      dtype='object')
Keystroke: '.'
Clipboard data: 'KeyPhantom', '👻', '-', 'Educational', 'Python', 'keylogger', '&',
       'clipboard', 'logger', 'for', 'learning', 'purposes', 'only.', 'Logs',
       'are', 'stored', 'locally.'],
      dtype='object')
Keystroke: 'm'
Clipboard data: 'KeyPhantom', '👻', '-', 'Educational', 'Python', 'keylogger', '&',
       'clipboard', 'logger', 'for', 'learning', 'purposes', 'only.', 'Logs',
       'are', 'stored', 'locally.'],
      dtype='object')
Keystroke: 'd'
Clipboard data: 'KeyPhantom', '👻', '-', 'Educational', 'Python', 'keylogger', '&',
       'clipboard', 'logger', 'for', 'learning', 'purposes', 'only.', 'Logs',
       'are', 'stored', 'locally.'],
      dtype='object')
Keystroke: 't'
Clipboard data: 'KeyPhantom', '👻', '-', 'Educational', 'Python', 'keylogger', '&',
       'clipboard', 'logger', 'for', 'learning', 'purposes', 'only.', 'Logs',
       'are', 'stored', 'locally.'],
      dtype='object')
Keystroke: 'g'
Clipboard data: 'KeyPhantom', '👻', '-', 'Educational', 'Python', 'keylogger', '&',
       'clipboard', 'logger', 'for', 'learning', 'purposes', 'only.', 'Logs',
       'are', 'stored', 'locally.'],
      dtype='object')
Keystroke: 'i'
Clipboard data: 'KeyPhantom', '👻', '-', 'Educational', 'Python', 'keylogger', '&',
       'clipboard', 'logger', 'for', 'learning', 'purposes', 'only.', 'Logs',
       'are', 'stored', 'locally.'],
      dtype='object')
Keystroke: Key.backspace
Clipboard data: 'KeyPhantom', '👻', '-', 'Educational', 'Python', 'keylogger', '&',
       'clipboard', 'logger', 'for', 'learning', 'purposes', 'only.', 'Logs',
       'are', 'stored', 'locally.'],
      dtype='object')
Keystroke: Key.backspace
Clipboard data: 'KeyPhantom', '👻', '-', 'Educational', 'Python', 'keylogger', '&',
       'clipboard', 'logger', 'for', 'learning', 'purposes', 'only.', 'Logs',
       'are', 'stored', 'locally.'],
      dtype='object')
Keystroke: Key.backspace
Clipboard data: 'KeyPhantom', '👻', '-', 'Educational', 'Python', 'keylogger', '&',
       'clipboard', 'logger', 'for', 'learning', 'purposes', 'only.', 'Logs',
       'are', 'stored', 'locally.'],
      dtype='object')
Keystroke: 't'
Clipboard data: 'KeyPhantom', '👻', '-', 'Educational', 'Python', 'keylogger', '&',
       'clipboard', 'logger', 'for', 'learning', 'purposes', 'only.', 'Logs',
       'are', 'stored', 'locally.'],
      dtype='object')
Keystroke: 'h'
Clipboard data: 'KeyPhantom', '👻', '-', 'Educational', 'Python', 'keylogger', '&',
       'clipboard', 'logger', 'for', 'learning', 'purposes', 'only.', 'Logs',
       'are', 'stored', 'locally.'],
      dtype='object')
Keystroke: 'i'
Clipboard data: 'KeyPhantom', '👻', '-', 'Educational', 'Python', 'keylogger', '&',
       'clipboard', 'logger', 'for', 'learning', 'purposes', 'only.', 'Logs',
       'are', 'stored', 'locally.'],
      dtype='object')
Keystroke: 's'
Clipboard data: 'KeyPhantom', '👻', '-', 'Educational', 'Python', 'keylogger', '&',
       'clipboard', 'logger', 'for', 'learning', 'purposes', 'only.', 'Logs',
       'are', 'stored', 'locally.'],
      dtype='object')
Keystroke: Key.space
Clipboard data: 'KeyPhantom', '👻', '-', 'Educational', 'Python', 'keylogger', '&',
       'clipboard', 'logger', 'for', 'learning', 'purposes', 'only.', 'Logs',
       'are', 'stored', 'locally.'],
      dtype='object')
Keystroke: 'r'
Clipboard data: 'KeyPhantom', '👻', '-', 'Educational', 'Python', 'keylogger', '&',
       'clipboard', 'logger', 'for', 'learning', 'purposes', 'only.', 'Logs',
       'are', 'stored', 'locally.'],
      dtype='object')
Keystroke: 'e'
Clipboard data: 'KeyPhantom', '👻', '-', 'Educational', 'Python', 'keylogger', '&',
       'clipboard', 'logger', 'for', 'learning', 'purposes', 'only.', 'Logs',
       'are', 'stored', 'locally.'],
      dtype='object')
Keystroke: 'a'
Clipboard data: 'KeyPhantom', '👻', '-', 'Educational', 'Python', 'keylogger', '&',
       'clipboard', 'logger', 'for', 'learning', 'purposes', 'only.', 'Logs',
       'are', 'stored', 'locally.'],
      dtype='object')
Keystroke: 'd'
Clipboard data: 'KeyPhantom', '👻', '-', 'Educational', 'Python', 'keylogger', '&',
       'clipboard', 'logger', 'for', 'learning', 'purposes', 'only.', 'Logs',
       'are', 'stored', 'locally.'],
      dtype='object')
Keystroke: Key.space
Clipboard data: 'KeyPhantom', '👻', '-', 'Educational', 'Python', 'keylogger', '&',
       'clipboard', 'logger', 'for', 'learning', 'purposes', 'only.', 'Logs',
       'are', 'stored', 'locally.'],
      dtype='object')
Keystroke: 'm'
Clipboard data: 'KeyPhantom', '👻', '-', 'Educational', 'Python', 'keylogger', '&',
       'clipboard', 'logger', 'for', 'learning', 'purposes', 'only.', 'Logs',
       'are', 'stored', 'locally.'],
      dtype='object')
Keystroke: 'e'
Clipboard data: 'KeyPhantom', '👻', '-', 'Educational', 'Python', 'keylogger', '&',
       'clipboard', 'logger', 'for', 'learning', 'purposes', 'only.', 'Logs',
       'are', 'stored', 'locally.'],
      dtype='object')
Keystroke: Key.space
Clipboard data: 'KeyPhantom', '👻', '-', 'Educational', 'Python', 'keylogger', '&',
       'clipboard', 'logger', 'for', 'learning', 'purposes', 'only.', 'Logs',
       'are', 'stored', 'locally.'],
      dtype='object')
Keystroke: 'd'
Clipboard data: 'KeyPhantom', '👻', '-', 'Educational', 'Python', 'keylogger', '&',
       'clipboard', 'logger', 'for', 'learning', 'purposes', 'only.', 'Logs',
       'are', 'stored', 'locally.'],
      dtype='object')
Keystroke: 'o'
Clipboard data: 'KeyPhantom', '👻', '-', 'Educational', 'Python', 'keylogger', '&',
       'clipboard', 'logger', 'for', 'learning', 'purposes', 'only.', 'Logs',
       'are', 'stored', 'locally.'],
      dtype='object')
Keystroke: 'e'
Clipboard data: 'KeyPhantom', '👻', '-', 'Educational', 'Python', 'keylogger', '&',
       'clipboard', 'logger', 'for', 'learning', 'purposes', 'only.', 'Logs',
       'are', 'stored', 'locally.'],
      dtype='object')
Keystroke: 's'
Clipboard data: 'KeyPhantom', '👻', '-', 'Educational', 'Python', 'keylogger', '&',
       'clipboard', 'logger', 'for', 'learning', 'purposes', 'only.', 'Logs',
       'are', 'stored', 'locally.'],
      dtype='object')
Keystroke: 'n'
Clipboard data: 'KeyPhantom', '👻', '-', 'Educational', 'Python', 'keylogger', '&',
       'clipboard', 'logger', 'for', 'learning', 'purposes', 'only.', 'Logs',
       'are', 'stored', 'locally.'],
      dtype='object')
Keystroke: 't'
Clipboard data: 'KeyPhantom', '👻', '-', 'Educational', 'Python', 'keylogger', '&',
       'clipboard', 'logger', 'for', 'learning', 'purposes', 'only.', 'Logs',
       'are', 'stored', 'locally.'],
      dtype='object')
Keystroke: Key.space
Clipboard data: 'KeyPhantom', '👻', '-', 'Educational', 'Python', 'keylogger', '&',
       'clipboard', 'logger', 'for', 'learning', 'purposes', 'only.', 'Logs',
       'are', 'stored', 'locally.'],
      dtype='object')
Keystroke: 'l'
Clipboard data: 'KeyPhantom', '👻', '-', 'Educational', 'Python', 'keylogger', '&',
       'clipboard', 'logger', 'for', 'learning', 'purposes', 'only.', 'Logs',
       'are', 'stored', 'locally.'],
      dtype='object')
Keystroke: 'o'
Clipboard data: 'KeyPhantom', '👻', '-', 'Educational', 'Python', 'keylogger', '&',
       'clipboard', 'logger', 'for', 'learning', 'purposes', 'only.', 'Logs',
       'are', 'stored', 'locally.'],
      dtype='object')
Keystroke: 'o'
Clipboard data: 'KeyPhantom', '👻', '-', 'Educational', 'Python', 'keylogger', '&',
       'clipboard', 'logger', 'for', 'learning', 'purposes', 'only.', 'Logs',
       'are', 'stored', 'locally.'],
      dtype='object')
Keystroke: 'k'
Clipboard data: 'KeyPhantom', '👻', '-', 'Educational', 'Python', 'keylogger', '&',
       'clipboard', 'logger', 'for', 'learning', 'purposes', 'only.', 'Logs',
       'are', 'stored', 'locally.'],
      dtype='object')
Keystroke: Key.space
Clipboard data: 'KeyPhantom', '👻', '-', 'Educational', 'Python', 'keylogger', '&',
       'clipboard', 'logger', 'for', 'learning', 'purposes', 'only.', 'Logs',
       'are', 'stored', 'locally.'],
      dtype='object')
Keystroke: 'f'
Clipboard data: 'KeyPhantom', '👻', '-', 'Educational', 'Python', 'keylogger', '&',
       'clipboard', 'logger', 'for', 'learning', 'purposes', 'only.', 'Logs',
       'are', 'stored', 'locally.'],
      dtype='object')
Keystroke: Key.backspace
Clipboard data: 'KeyPhantom', '👻', '-', 'Educational', 'Python', 'keylogger', '&',
       'clipboard', 'logger', 'for', 'learning', 'purposes', 'only.', 'Logs',
       'are', 'stored', 'locally.'],
      dtype='object')
Keystroke: 'g'
Clipboard data: 'KeyPhantom', '👻', '-', 'Educational', 'Python', 'keylogger', '&',
       'clipboard', 'logger', 'for', 'learning', 'purposes', 'only.', 'Logs',
       'are', 'stored', 'locally.'],
      dtype='object')
Keystroke: 'o'
Clipboard data: 'KeyPhantom', '👻', '-', 'Educational', 'Python', 'keylogger', '&',
       'clipboard', 'logger', 'for', 'learning', 'purposes', 'only.', 'Logs',
       'are', 'stored', 'locally.'],
      dtype='object')
Keystroke: 'o'
Clipboard data: 'KeyPhantom', '👻', '-', 'Educational', 'Python', 'keylogger', '&',
       'clipboard', 'logger', 'for', 'learning', 'purposes', 'only.', 'Logs',
       'are', 'stored', 'locally.'],
      dtype='object')
Keystroke: 'd'
Clipboard data: 'KeyPhantom', '👻', '-', 'Educational', 'Python', 'keylogger', '&',
       'clipboard', 'logger', 'for', 'learning', 'purposes', 'only.', 'Logs',
       'are', 'stored', 'locally.'],
      dtype='object')
Keystroke: Key.space
Clipboard data: 'KeyPhantom', '👻', '-', 'Educational', 'Python', 'keylogger', '&',
       'clipboard', 'logger', 'for', 'learning', 'purposes', 'only.', 'Logs',
       'are', 'stored', 'locally.'],
      dtype='object')
Keystroke: Key.print_screen
Clipboard data: None
Keystroke: Key.backspace
Clipboard data: None
Keystroke: Key.backspace
Clipboard data: None
Keystroke: Key.backspace
Clipboard data: None
Keystroke: Key.backspace
Clipboard data: None
Keystroke: Key.backspace
Clipboard data: None
Keystroke: Key.backspace
Clipboard data: None
Keystroke: Key.backspace
Clipboard data: None
Keystroke: Key.backspace
Clipboard data: None
Keystroke: Key.backspace
Clipboard data: None
Keystroke: Key.backspace
Clipboard data: None
Keystroke: Key.backspace
Clipboard data: None
Keystroke: Key.backspace
Clipboard data: None
Keystroke: Key.backspace
Clipboard data: None
Keystroke: Key.backspace
Clipboard data: None
Keystroke: Key.backspace
Clipboard data: None
Keystroke: Key.backspace
Clipboard data: None
Keystroke: Key.backspace
Clipboard data: None
Keystroke: Key.backspace
Clipboard data: None
Keystroke: Key.backspace
Clipboard data: None
Keystroke: Key.backspace
Clipboard data: None
Keystroke: Key.backspace
Clipboard data: None
Keystroke: Key.backspace
Clipboard data: None
Keystroke: Key.backspace
Clipboard data: None
Keystroke: Key.backspace
Clipboard data: None
Keystroke: Key.backspace
Clipboard data: None
Keystroke: Key.backspace
Clipboard data: None
Keystroke: Key.backspace
Clipboard data: None
Keystroke: Key.backspace
Clipboard data: None
Keystroke: Key.backspace
Clipboard data: None
Keystroke: Key.backspace
Clipboard data: None
Keystroke: Key.backspace
Clipboard data: None
Keystroke: Key.backspace
Clipboard data: None
Keystroke: Key.backspace
Clipboard data: None
Keystroke: 't'
Clipboard data: None
Keystroke: 'h'
Clipboard data: None
Keystroke: 'i'
Clipboard data: None
Keystroke: 's'
Clipboard data: None
Keystroke: Key.space
Clipboard data: None
Keystroke: 'i'
Clipboard data: None
Keystroke: 's'
Clipboard data: None
Keystroke: Key.space
Clipboard data: None
Keystroke: 't'
Clipboard data: None
Keystroke: 'h'
Clipboard data: None
Keystroke: 'e'
Clipboard data: None
Keystroke: Key.space
Clipboard data: None
Keystroke: 'f'
Clipboard data: None
Keystroke: 'i'
Clipboard data: None
Keystroke: 'l'
Clipboard data: None
Keystroke: 'e'
Clipboard data: None
Keystroke: 's'
Clipboard data: None
Keystroke: Key.space
Clipboard data: None
Keystroke: 'a'
Clipboard data: None
Keystroke: 'n'
Clipboard data: None
Keystroke: 'd'
Clipboard data: None
Keystroke: Key.space
Clipboard data: None
Keystroke: 'i'
Clipboard data: None
Keystroke: Key.space
Clipboard data: None
Keystroke: 'u'
Clipboard data: None
Keystroke: 's'
Clipboard data: None
Keystroke: 'e'
Clipboard data: None
Keystroke: 'd'
Clipboard data: None
Keystroke: Key.space
Clipboard data: None
Keystroke: 'p'
Clipboard data: None
Keystroke: 'y'
Clipboard data: None
Keystroke: 't'
Clipboard data: None
Keystroke: 'h'
Clipboard data: None
Keystroke: 'o'
Clipboard data: None
Keystroke: 'n'
Clipboard data: 'python3', 'server.py'
Keystroke: Key.space
Clipboard data: 'python3', 'server.py'
Keystroke: Key.space
Clipboard data: 'python3', 'KeyPhantom.py'
Keystroke: Key.space
Clipboard data: 'python3', 'KeyPhantom.py'
Keystroke: 'e'
Clipboard data: 'python3', 'KeyPhantom.py'
Keystroke: 's'
Clipboard data: 'python3', 'KeyPhantom.py'
Keystroke: Key.space
Clipboard data: 'python3', 'KeyPhantom.py'
Keystroke: 'h'
Clipboard data: 'python3', 'KeyPhantom.py'
Keystroke: 'i'
Clipboard data: 'python3', 'KeyPhantom.py'
Keystroke: 's'
Clipboard data: 'python3', 'KeyPhantom.py'
Keystroke: 'a'
Clipboard data: 'python3', 'KeyPhantom.py'
Keystroke: 'a'
Clipboard data: 'python3', 'KeyPhantom.py'
Keystroke: 'b'
Clipboard data: 'python3', 'KeyPhantom.py'
Keystroke: Key.space
Clipboard data: 'python3', 'KeyPhantom.py'
Keystroke: 's'
Clipboard data: 'python3', 'KeyPhantom.py'
Keystroke: 'e'
Clipboard data: 'python3', 'KeyPhantom.py'
Keystroke: Key.space
Clipboard data: 'python3', 'KeyPhantom.py'
Keystroke: 'r'
Clipboard data: 'python3', 'KeyPhantom.py'
Keystroke: 'e'
Clipboard data: 'python3', 'KeyPhantom.py'
Keystroke: 'a'
Clipboard data: 'python3', 'KeyPhantom.py'
Keystroke: 'd'
Clipboard data: 'python3', 'KeyPhantom.py'
Keystroke: 'm'
Clipboard data: 'python3', 'KeyPhantom.py'
Keystroke: 'e'
Clipboard data: 'python3', 'KeyPhantom.py'
Keystroke: '.'
Clipboard data: 'python3', 'KeyPhantom.py'
Keystroke: 'm'
Clipboard data: 'python3', 'KeyPhantom.py'
Keystroke: 'd'
Clipboard data: 'python3', 'KeyPhantom.py'
Keystroke: Key.space
Clipboard data: 'python3', 'KeyPhantom.py'
Keystroke: 'b'
Clipboard data: 'python3', 'KeyPhantom.py'
Keystroke: 'a'
Clipboard data: 'python3', 'KeyPhantom.py'
Keystroke: 'n'
Clipboard data: 'python3', 'KeyPhantom.py'
Keystroke: 'a'
Clipboard data: 'python3', 'KeyPhantom.py'
Keystroke: Key.space
Clipboard data: 'python3', 'KeyPhantom.py'
Keystroke: 'k'
Clipboard data: 'python3', 'KeyPhantom.py'
Keystroke: 'a'
Clipboard data: 'python3', 'KeyPhantom.py'
Keystroke: 'r'
Clipboard data: 'python3', 'KeyPhantom.py'
Keystroke: 'd'
Clipboard data: 'python3', 'KeyPhantom.py'
Keystroke: 'o'
Clipboard data: 'python3', 'KeyPhantom.py'
Keystroke: Key.space
Clipboard data: 'python3', 'KeyPhantom.py'
Keystroke: 'a'
Clipboard data: 'python3', 'KeyPhantom.py'
Keystroke: 'c'
Clipboard data: 'python3', 'KeyPhantom.py'
Keystroke: 'a'
Clipboard data: 'python3', 'KeyPhantom.py'
Keystroke: 'h'
Clipboard data: 'python3', 'KeyPhantom.py'
Keystroke: 'a'
Clipboard data: 'python3', 'KeyPhantom.py'
Keystroke: Key.space
Clipboard data: 'python3', 'KeyPhantom.py'
Keystroke: Key.backspace
Clipboard data: 'python3', 'KeyPhantom.py'
Keystroke: Key.backspace
Clipboard data: 'python3', 'KeyPhantom.py'
Keystroke: Key.backspace
Clipboard data: 'python3', 'KeyPhantom.py'
Keystroke: Key.backspace
Clipboard data: 'python3', 'KeyPhantom.py'
Keystroke: 'h'
Clipboard data: 'python3', 'KeyPhantom.py'
Keystroke: 'a'
Clipboard data: 'python3', 'KeyPhantom.py'
Keystroke: Key.space
Clipboard data: 'python3', 'KeyPhantom.py'
Keystroke: 's'
Clipboard data: 'python3', 'KeyPhantom.py'
Keystroke: 'a'
Clipboard data: 'python3', 'KeyPhantom.py'
Keystroke: Key.space
Clipboard data: 'python3', 'KeyPhantom.py'
Keystroke: Key.enter
